[{"text":{"text":"Artifact name: pom.xml","type":"mrkdwn"},"type":"section"},{"text":{"text":"Type: filesystem","type":"mrkdwn"},"type":"section"},{"text":{"text":"*Found vulnerabilities*","type":"mrkdwn"},"type":"section"},{"text":{"text":"*CRITICAL severity vulnerabilities*","type":"mrkdwn"},"type":"section"},{"fields":[{"text":"*Vulnerability ID*","type":"mrkdwn"},{"text":"*Resource name / Installed version / Fix version*","type":"mrkdwn"},{"text":"CVE-2019-17571","type":"mrkdwn"},{"text":"log4j:log4j / 1.2.17 / 2.0-alpha1","type":"mrkdwn"},{"text":"CVE-2022-23305","type":"mrkdwn"},{"text":"log4j:log4j / 1.2.17 / none","type":"mrkdwn"}],"type":"section"},{"text":{"text":"*HIGH severity vulnerabilities*","type":"mrkdwn"},"type":"section"},{"fields":[{"text":"*Vulnerability ID*","type":"mrkdwn"},{"text":"*Resource name / Installed version / Fix version*","type":"mrkdwn"},{"text":"CVE-2021-4104","type":"mrkdwn"},{"text":"log4j:log4j / 1.2.17 / none","type":"mrkdwn"},{"text":"CVE-2022-23307","type":"mrkdwn"},{"text":"log4j:log4j / 1.2.17 / none","type":"mrkdwn"}],"type":"section"},{"text":{"text":"*MEDIUM severity vulnerabilities*","type":"mrkdwn"},"type":"section"},{"fields":[{"text":"*Vulnerability ID*","type":"mrkdwn"},{"text":"*Resource name / Installed version / Fix version*","type":"mrkdwn"},{"text":"CVE-2022-23302","type":"mrkdwn"},{"text":"log4j:log4j / 1.2.17 / none","type":"mrkdwn"}],"type":"section"},{"text":{"text":"*LOW severity vulnerabilities*","type":"mrkdwn"},"type":"section"},{"fields":[{"text":"*Vulnerability ID*","type":"mrkdwn"},{"text":"*Resource name / Installed version / Fix version*","type":"mrkdwn"},{"text":"CVE-2020-9488","type":"mrkdwn"},{"text":"log4j:log4j / 1.2.17 / 2.12.3, 2.13.2","type":"mrkdwn"}],"type":"section"},{"text":{"text":"*UNKNOWN severity vulnerabilities*","type":"mrkdwn"},"type":"section"},{"fields":[{"text":"*Vulnerability ID*","type":"mrkdwn"},{"text":"*Resource name / Installed version / Fix version*","type":"mrkdwn"},{"text":"CVE-2023-26464","type":"mrkdwn"},{"text":"log4j:log4j / 1.2.17 / 2.0","type":"mrkdwn"}],"type":"section"},{"text":{"text":"*Found vulnerabilities*","type":"mrkdwn"},"type":"section"},{"fields":[{"text":"Critical","type":"mrkdwn"},{"text":"*2*","type":"mrkdwn"},{"text":"High","type":"mrkdwn"},{"text":"*2*","type":"mrkdwn"},{"text":"Medium","type":"mrkdwn"},{"text":"*1*","type":"mrkdwn"},{"text":"Low","type":"mrkdwn"},{"text":"*1*","type":"mrkdwn"},{"text":"Unknown","type":"mrkdwn"},{"text":"*1*","type":"mrkdwn"}],"type":"section"}]