[{"text":{"text":"Vulnerability issue with image:library/nginx:1.16 in namespace default","type":"plain_text"},"type":"header"},{"type":"divider"},{"elements":[{"text":"*Summary totals:*","type":"mrkdwn"}],"type":"context"},{"elements":[{"text":"Critical: *2*","type":"mrkdwn"},{"text":"High: *0*","type":"mrkdwn"},{"text":"Medium: *0*","type":"mrkdwn"},{"text":"Low: *0*","type":"mrkdwn"},{"text":"Unknown: *0*","type":"mrkdwn"}],"type":"context"},{"type":"divider"},{"text":{"text":"*CRITICAL severity vulnerabilities*","type":"mrkdwn"},"type":"section"},{"fields":[{"text":"*Vulnerability ID*","type":"mrkdwn"},{"text":"*Resource / Version / Fixed version*","type":"mrkdwn"},{"text":"\u003chttps://avd.aquasec.com/nvd/cve-2019-20367|CVE-2019-20367\u003e","type":"mrkdwn"},{"text":"libbsd0 / 0.9.1-2 / 0.9.1-2+deb10u1","type":"mrkdwn"}],"type":"section"},{"type":"divider"},{"text":{"text":"*HIGH severity vulnerabilities*","type":"mrkdwn"},"type":"section"},{"fields":[{"text":"*Vulnerability ID*","type":"mrkdwn"},{"text":"*Resource / Version / Fixed version*","type":"mrkdwn"},{"text":"\u003chttps://avd.aquasec.com/nvd/cve-2018-25009|CVE-2018-25009\u003e","type":"mrkdwn"},{"text":"libwebp6 / 0.6.1-2 / ","type":"mrkdwn"}],"type":"section"},{"type":"divider"},{"text":{"text":"*MEDIUM severity vulnerabilities*","type":"mrkdwn"},"type":"section"},{"fields":[{"text":"*Vulnerability ID*","type":"mrkdwn"},{"text":"*Resource / Version / Fixed version*","type":"mrkdwn"},{"text":"\u003chttps://avd.aquasec.com/nvd/cve-2018-25009|CVE-2018-25010\u003e","type":"mrkdwn"},{"text":"libwebp3 / 0.6.1-2 / ","type":"mrkdwn"}],"type":"section"},{"type":"divider"},{"text":{"text":"*LOW severity vulnerabilities*","type":"mrkdwn"},"type":"section"},{"fields":[{"text":"*Vulnerability ID*","type":"mrkdwn"},{"text":"*Resource / Version / Fixed version*","type":"mrkdwn"},{"text":"\u003chttps://avd.aquasec.com/nvd/cve-2018-25009|CVE-2018-25011\u003e","type":"mrkdwn"},{"text":"libwebp4 / 0.6.1-2 / ","type":"mrkdwn"}],"type":"section"},{"type":"divider"},{"text":{"text":"*UNKNOWN severity vulnerabilities*","type":"mrkdwn"},"type":"section"},{"fields":[{"text":"*Vulnerability ID*","type":"mrkdwn"},{"text":"*Resource / Version / Fixed version*","type":"mrkdwn"},{"text":"\u003chttps://avd.aquasec.com/nvd/cve-2018-25009|CVE-2018-25012\u003e","type":"mrkdwn"},{"text":"libwebp5 / 0.6.1-2 / ","type":"mrkdwn"}],"type":"section"},{"type":"divider"}]