[{"text":{"text":"Image name: all-in-one:3.5.19223","type":"mrkdwn"},"type":"section"},{"text":{"text":"Registry: Aqua","type":"mrkdwn"},"type":"section"},{"text":{"text":"Image is compliant","type":"mrkdwn"},"type":"section"},{"text":{"text":"Malware found: Yes","type":"mrkdwn"},"type":"section"},{"text":{"text":"Sensitive data found: Yes","type":"mrkdwn"},"type":"section"},{"fields":[{"text":"*CRITICAL*","type":"mrkdwn"},{"text":"*1*","type":"mrkdwn"},{"text":"*HIGH*","type":"mrkdwn"},{"text":"*1*","type":"mrkdwn"},{"text":"*MEDIUM*","type":"mrkdwn"},{"text":"*1*","type":"mrkdwn"},{"text":"*LOW*","type":"mrkdwn"},{"text":"*1*","type":"mrkdwn"},{"text":"*NEGLIGIBLE*","type":"mrkdwn"},{"text":"*1*","type":"mrkdwn"}],"type":"section"},{"text":{"text":"*Assurance controls*","type":"mrkdwn"},"type":"section"},{"fields":[{"text":"*#* *Control*","type":"mrkdwn"},{"text":"*Policy Name* / *Status*","type":"mrkdwn"},{"text":"1 malware","type":"mrkdwn"},{"text":"Default / PASS","type":"mrkdwn"},{"text":"2 license","type":"mrkdwn"},{"text":"Default / PASS","type":"mrkdwn"},{"text":"3 max_severity","type":"mrkdwn"},{"text":"Default / PASS","type":"mrkdwn"}],"type":"section"},{"text":{"text":"*Found vulnerabilities*","type":"mrkdwn"},"type":"section"},{"text":{"text":"*critical severity vulnerabilities*","type":"mrkdwn"},"type":"section"},{"fields":[{"text":"*Vulnerability ID*","type":"mrkdwn"},{"text":"*Resource name / Installed version / Fix version*","type":"mrkdwn"},{"text":"CVE-2018-1000517","type":"mrkdwn"},{"text":"busybox/1.28.4-r3/1.29.0","type":"mrkdwn"}],"type":"section"},{"text":{"text":"*high severity vulnerabilities*","type":"mrkdwn"},"type":"section"},{"fields":[{"text":"*Vulnerability ID*","type":"mrkdwn"},{"text":"*Resource name / Installed version / Fix version*","type":"mrkdwn"},{"text":"CVE-2021-33560","type":"mrkdwn"},{"text":"libgcrypt/1.8.3-r0/1.8.8","type":"mrkdwn"}],"type":"section"},{"text":{"text":"*medium severity vulnerabilities*","type":"mrkdwn"},"type":"section"},{"fields":[{"text":"*Vulnerability ID*","type":"mrkdwn"},{"text":"*Resource name / Installed version / Fix version*","type":"mrkdwn"},{"text":"CVE-2019-12904","type":"mrkdwn"},{"text":"libgcrypt/1.8.3-r0/1.8.3-r1","type":"mrkdwn"}],"type":"section"},{"text":{"text":"*low severity vulnerabilities*","type":"mrkdwn"},"type":"section"},{"fields":[{"text":"*Vulnerability ID*","type":"mrkdwn"},{"text":"*Resource name / Installed version / Fix version*","type":"mrkdwn"},{"text":"CVE-2018-20679","type":"mrkdwn"},{"text":"busybox/1.28.4-r3/1.30.0","type":"mrkdwn"}],"type":"section"},{"text":{"text":"*negligible severity vulnerabilities*","type":"mrkdwn"},"type":"section"},{"fields":[{"text":"*Vulnerability ID*","type":"mrkdwn"},{"text":"*Resource name / Installed version / Fix version*","type":"mrkdwn"},{"text":"CVE-2019-5747","type":"mrkdwn"},{"text":"busybox/1.28.4-r3/none","type":"mrkdwn"}],"type":"section"},{"text":{"text":"Malware","type":"mrkdwn"},"type":"section"},{"fields":[{"text":"*# Malware*","type":"mrkdwn"},{"text":"*Hash / Path*","type":"mrkdwn"}],"type":"section"}]