SUAGAA3TNI36JHTD6GLFJRR6KZIY7YXS2ZISHQA4LPZZZG2D6KG5JPV7DM
UBUQ63VFZEW3IS7RGQQZF5DIT2FTCMTZAAHFENK3G5M6ADRZ5WAJLAQN
